### BTest baseline data generated by btest-diff. Do not edit. Use "btest -U/-u" to update. Requires BTest >= 0.63.
### NOTE: This file has been sorted with diff-sort.
ike_data_attribute F[orig_h=192.168.12.1, orig_p=500/udp, resp_h=192.168.12.2, resp_p=500/udp][message_id=0, proposal_num=1, transform_id=1, AF=F, attribute_type=12, attribute_val=\x00\x01Q\x80]
ike_data_attribute F[orig_h=192.168.12.1, orig_p=500/udp, resp_h=192.168.12.2, resp_p=500/udp][message_id=0, proposal_num=1, transform_id=1, AF=T, attribute_type=1, attribute_val=\x00\x07]
ike_data_attribute F[orig_h=192.168.12.1, orig_p=500/udp, resp_h=192.168.12.2, resp_p=500/udp][message_id=0, proposal_num=1, transform_id=1, AF=T, attribute_type=11, attribute_val=\x00\x01]
ike_data_attribute F[orig_h=192.168.12.1, orig_p=500/udp, resp_h=192.168.12.2, resp_p=500/udp][message_id=0, proposal_num=1, transform_id=1, AF=T, attribute_type=14, attribute_val=\x00\x80]
ike_data_attribute F[orig_h=192.168.12.1, orig_p=500/udp, resp_h=192.168.12.2, resp_p=500/udp][message_id=0, proposal_num=1, transform_id=1, AF=T, attribute_type=2, attribute_val=\x00\x02]
ike_data_attribute F[orig_h=192.168.12.1, orig_p=500/udp, resp_h=192.168.12.2, resp_p=500/udp][message_id=0, proposal_num=1, transform_id=1, AF=T, attribute_type=3, attribute_val=\x00\x01]
ike_data_attribute F[orig_h=192.168.12.1, orig_p=500/udp, resp_h=192.168.12.2, resp_p=500/udp][message_id=0, proposal_num=1, transform_id=1, AF=T, attribute_type=4, attribute_val=\x00\x02]
ike_data_attribute T[orig_h=192.168.12.1, orig_p=500/udp, resp_h=192.168.12.2, resp_p=500/udp][message_id=0, proposal_num=1, transform_id=1, AF=F, attribute_type=12, attribute_val=\x00\x01Q\x80]
ike_data_attribute T[orig_h=192.168.12.1, orig_p=500/udp, resp_h=192.168.12.2, resp_p=500/udp][message_id=0, proposal_num=1, transform_id=1, AF=T, attribute_type=1, attribute_val=\x00\x07]
ike_data_attribute T[orig_h=192.168.12.1, orig_p=500/udp, resp_h=192.168.12.2, resp_p=500/udp][message_id=0, proposal_num=1, transform_id=1, AF=T, attribute_type=11, attribute_val=\x00\x01]
ike_data_attribute T[orig_h=192.168.12.1, orig_p=500/udp, resp_h=192.168.12.2, resp_p=500/udp][message_id=0, proposal_num=1, transform_id=1, AF=T, attribute_type=14, attribute_val=\x00\x80]
ike_data_attribute T[orig_h=192.168.12.1, orig_p=500/udp, resp_h=192.168.12.2, resp_p=500/udp][message_id=0, proposal_num=1, transform_id=1, AF=T, attribute_type=2, attribute_val=\x00\x02]
ike_data_attribute T[orig_h=192.168.12.1, orig_p=500/udp, resp_h=192.168.12.2, resp_p=500/udp][message_id=0, proposal_num=1, transform_id=1, AF=T, attribute_type=3, attribute_val=\x00\x01]
ike_data_attribute T[orig_h=192.168.12.1, orig_p=500/udp, resp_h=192.168.12.2, resp_p=500/udp][message_id=0, proposal_num=1, transform_id=1, AF=T, attribute_type=4, attribute_val=\x00\x02]
ike_message F[orig_h=192.168.12.1, orig_p=500/udp, resp_h=192.168.12.2, resp_p=500/udp][initiator_spi=\xe4zY\x1fx\xc9\x9d\x7f, responder_spi=\xa0\x0b\x8e\xf0\xea\x9f\xf8\x83, next_payload=1, maj_ver=1, min_ver=0, exchange_type=4, flag_e=F, flag_c=F, flag_a=F, flag_i=F, flag_v=F, flag_r=F, message_id=0, length=420]
ike_message F[orig_h=192.168.12.1, orig_p=500/udp, resp_h=192.168.12.2, resp_p=500/udp][initiator_spi=\xe4zY\x1fx\xc9\x9d\x7f, responder_spi=\xa0\x0b\x8e\xf0\xea\x9f\xf8\x83, next_payload=8, maj_ver=1, min_ver=0, exchange_type=32, flag_e=T, flag_c=F, flag_a=F, flag_i=F, flag_v=F, flag_r=F, message_id=3794433217, length=220]
ike_message T[orig_h=192.168.12.1, orig_p=500/udp, resp_h=192.168.12.2, resp_p=500/udp][initiator_spi=\xe4zY\x1fx\xc9\x9d\x7f, responder_spi=\x00\x00\x00\x00\x00\x00\x00\x00, next_payload=1, maj_ver=1, min_ver=0, exchange_type=4, flag_e=F, flag_c=F, flag_a=F, flag_i=F, flag_v=F, flag_r=F, message_id=0, length=388]
ike_message T[orig_h=192.168.12.1, orig_p=500/udp, resp_h=192.168.12.2, resp_p=500/udp][initiator_spi=\xe4zY\x1fx\xc9\x9d\x7f, responder_spi=\xa0\x0b\x8e\xf0\xea\x9f\xf8\x83, next_payload=8, maj_ver=1, min_ver=0, exchange_type=32, flag_e=T, flag_c=F, flag_a=F, flag_i=F, flag_v=F, flag_r=F, message_id=3794433217, length=220]
ike_message T[orig_h=192.168.12.1, orig_p=500/udp, resp_h=192.168.12.2, resp_p=500/udp][initiator_spi=\xe4zY\x1fx\xc9\x9d\x7f, responder_spi=\xa0\x0b\x8e\xf0\xea\x9f\xf8\x83, next_payload=8, maj_ver=1, min_ver=0, exchange_type=32, flag_e=T, flag_c=F, flag_a=F, flag_i=F, flag_v=F, flag_r=F, message_id=3794433217, length=60]
ike_message T[orig_h=192.168.12.1, orig_p=500/udp, resp_h=192.168.12.2, resp_p=500/udp][initiator_spi=\xe4zY\x1fx\xc9\x9d\x7f, responder_spi=\xa0\x0b\x8e\xf0\xea\x9f\xf8\x83, next_payload=8, maj_ver=1, min_ver=0, exchange_type=4, flag_e=T, flag_c=F, flag_a=F, flag_i=F, flag_v=F, flag_r=F, message_id=0, length=140]
ikev1_hash_payload F[orig_h=192.168.12.1, orig_p=500/udp, resp_h=192.168.12.2, resp_p=500/udp][message_id=0, hash_data_len=20]
ikev1_id_payload F[orig_h=192.168.12.1, orig_p=500/udp, resp_h=192.168.12.2, resp_p=500/udp][message_id=0, identification_data_len=4]
ikev1_id_payload T[orig_h=192.168.12.1, orig_p=500/udp, resp_h=192.168.12.2, resp_p=500/udp][message_id=0, identification_data_len=4]
ikev1_ke_payload F[orig_h=192.168.12.1, orig_p=500/udp, resp_h=192.168.12.2, resp_p=500/udp][message_id=0, key_exchange_data=m\x02mV\x16\xc4[\xe0^[\x89\x84\x11\xe9\xf9]\x19\\xea\x00\x9a\xd2,b\xbe\xf0lW\x1b|\xfb\xc4y/EVN\xc7\x10\xacXJ\xa1\x8d \xcb\xc8\xf5\xf8\x91\x06f\xb8\x9eN\xe2\xf9Z\xbc\x020\xe2\xcb\xa1\xb8\x8a\xc4\xbb\xa7\xfc\xc8\x18\xa9\x86\xc0\x1aL\xa8e\xa5\xeb\x82\x88M\xbe\xc8[\xfd}\x1a0;\x09\x89M\xcf.7\x85\xfdy\xdb\xa2%7|\xf8\xcc\xa0\x09\xce\xff\xbbj\xa3\x8bd\x8cK\x05@O\x1c\xfa\xac6\x1a\xff]
ikev1_ke_payload T[orig_h=192.168.12.1, orig_p=500/udp, resp_h=192.168.12.2, resp_p=500/udp][message_id=0, key_exchange_data=/|I\x1cg\xe3`\x9a\x09\xc4\xe03B\xf7E~\xf4\xb8C\x92f\xdb\xa0~\xfb\xd8\x91\x87EB\xde!-<\xc3\xcc\x02t\xe6\x80\xe7\xad\xee,4v\xd1\xe6\x1d\xfe\xfau\x03\x93\x92\xe0pZ\xe7\xb1\xe0\x01+\xda\xbc\x06\xcf\xbcC\xf3\xcd%\xd5\xac\x8c\xb0\xd9\xae4\a\xfb\x91\xf1 \xa1\xd4\x05\xda\xae\xaf\xdb']?3\xbf\xdd\xd7\xd2\xd8V/\xa8\x12\x19\x0e\x97pt\xfb\x17q\x88\x88mj\xe8\x84\xad\x1c\x0f\xbc\xe3\xf0kO\x07]
ikev1_n_payload F[orig_h=192.168.12.1, orig_p=500/udp, resp_h=192.168.12.2, resp_p=500/udp][message_id=0, nonce_data_len=20]
ikev1_n_payload T[orig_h=192.168.12.1, orig_p=500/udp, resp_h=192.168.12.2, resp_p=500/udp][message_id=0, nonce_data_len=20]
ikev1_p_payload F[orig_h=192.168.12.1, orig_p=500/udp, resp_h=192.168.12.2, resp_p=500/udp][message_id=0, proposal_num=1, protocol_id=1, spi_size=0, num_transforms=1, spi=]
ikev1_p_payload T[orig_h=192.168.12.1, orig_p=500/udp, resp_h=192.168.12.2, resp_p=500/udp][message_id=0, proposal_num=1, protocol_id=1, spi_size=0, num_transforms=1, spi=]
ikev1_sa_payload F[orig_h=192.168.12.1, orig_p=500/udp, resp_h=192.168.12.2, resp_p=500/udp][message_id=0, doi=1, situation=\x00\x00\x00\x01]
ikev1_sa_payload T[orig_h=192.168.12.1, orig_p=500/udp, resp_h=192.168.12.2, resp_p=500/udp][message_id=0, doi=1, situation=\x00\x00\x00\x01]
ikev1_t_payload F[orig_h=192.168.12.1, orig_p=500/udp, resp_h=192.168.12.2, resp_p=500/udp][message_id=0, proposal_num=1, transform_num=1, transform_id=1]
ikev1_t_payload T[orig_h=192.168.12.1, orig_p=500/udp, resp_h=192.168.12.2, resp_p=500/udp][message_id=0, proposal_num=1, transform_num=1, transform_id=1]
ikev1_vid_payload F[orig_h=192.168.12.1, orig_p=500/udp, resp_h=192.168.12.2, resp_p=500/udp][message_id=0, vendor_id=J\x13\x1c\x81\x07\x03XE\W(\xf2\x0e\x95E/]
ikev1_vid_payload F[orig_h=192.168.12.1, orig_p=500/udp, resp_h=192.168.12.2, resp_p=500/udp][message_id=0, vendor_id=U\xcc)\xed\xea\x9e\xf8\x83\xec;\xfd\x05\xce\x83\\xc7]
ikev1_vid_payload F[orig_h=192.168.12.1, orig_p=500/udp, resp_h=192.168.12.2, resp_p=500/udp][message_id=0, vendor_id=\x09\x00&\x89\xdf\xd6\xb7\x12]
ikev1_vid_payload F[orig_h=192.168.12.1, orig_p=500/udp, resp_h=192.168.12.2, resp_p=500/udp][message_id=0, vendor_id=\x12\xf5\xf2\x8cEqh\xa9p-\x9f\xe2t\xcc\x01\x00]
ikev1_vid_payload F[orig_h=192.168.12.1, orig_p=500/udp, resp_h=192.168.12.2, resp_p=500/udp][message_id=0, vendor_id=\xaf\xca\xd7\x13h\xa1\xf1\xc9k\x86\x96\xfcwW\x01\x00]
ikev1_vid_payload T[orig_h=192.168.12.1, orig_p=500/udp, resp_h=192.168.12.2, resp_p=500/udp][message_id=0, vendor_id=C\x9bY\xf8\xbaglLw7\xae"\xea\xb8\xf5\x82]
ikev1_vid_payload T[orig_h=192.168.12.1, orig_p=500/udp, resp_h=192.168.12.2, resp_p=500/udp][message_id=0, vendor_id=J\x13\x1c\x81\x07\x03XE\W(\xf2\x0e\x95E/]
ikev1_vid_payload T[orig_h=192.168.12.1, orig_p=500/udp, resp_h=192.168.12.2, resp_p=500/udp][message_id=0, vendor_id=\x09\x00&\x89\xdf\xd6\xb7\x12]
ikev1_vid_payload T[orig_h=192.168.12.1, orig_p=500/udp, resp_h=192.168.12.2, resp_p=500/udp][message_id=0, vendor_id=\x11\xbd\xfe\x02x\xc8\x9d\x7f\xb2\xad\xd81\xd3\x8c\xc7m]
ikev1_vid_payload T[orig_h=192.168.12.1, orig_p=500/udp, resp_h=192.168.12.2, resp_p=500/udp][message_id=0, vendor_id=\x90\xcb\x80\x91>\xbbin\x08c\x81\xb5\xecB{\x1f]
ikev1_vid_payload T[orig_h=192.168.12.1, orig_p=500/udp, resp_h=192.168.12.2, resp_p=500/udp][message_id=0, vendor_id=\xaf\xca\xd7\x13h\xa1\xf1\xc9k\x86\x96\xfcwW\x01\x00]
ikev1_vid_payload T[orig_h=192.168.12.1, orig_p=500/udp, resp_h=192.168.12.2, resp_p=500/udp][message_id=0, vendor_id=}\x94\x19\xa6S\x10\xcao,\x17\x9d\x92\x15R\x9dV]
