### BTest baseline data generated by btest-diff. Do not edit. Use "btest -U/-u" to update. Requires BTest >= 0.63.
### NOTE: This file has been sorted with diff-sort.
ike_data_attribute F[orig_h=192.168.12.118, orig_p=500/udp, resp_h=172.16.1.103, resp_p=500/udp][message_id=0, proposal_num=0, transform_id=1, AF=T, attribute_type=1, attribute_val=\x00\x05]
ike_data_attribute F[orig_h=192.168.12.118, orig_p=500/udp, resp_h=172.16.1.103, resp_p=500/udp][message_id=0, proposal_num=0, transform_id=1, AF=T, attribute_type=11, attribute_val=\x00\x01]
ike_data_attribute F[orig_h=192.168.12.118, orig_p=500/udp, resp_h=172.16.1.103, resp_p=500/udp][message_id=0, proposal_num=0, transform_id=1, AF=T, attribute_type=12, attribute_val=p\x80]
ike_data_attribute F[orig_h=192.168.12.118, orig_p=500/udp, resp_h=172.16.1.103, resp_p=500/udp][message_id=0, proposal_num=0, transform_id=1, AF=T, attribute_type=2, attribute_val=\x00\x01]
ike_data_attribute F[orig_h=192.168.12.118, orig_p=500/udp, resp_h=172.16.1.103, resp_p=500/udp][message_id=0, proposal_num=0, transform_id=1, AF=T, attribute_type=3, attribute_val=\x00\x03]
ike_data_attribute F[orig_h=192.168.12.118, orig_p=500/udp, resp_h=172.16.1.103, resp_p=500/udp][message_id=0, proposal_num=0, transform_id=1, AF=T, attribute_type=4, attribute_val=\x00\x02]
ike_data_attribute T[orig_h=192.168.12.118, orig_p=500/udp, resp_h=172.16.1.103, resp_p=500/udp][message_id=0, proposal_num=0, transform_id=1, AF=T, attribute_type=1, attribute_val=\x00\x05]
ike_data_attribute T[orig_h=192.168.12.118, orig_p=500/udp, resp_h=172.16.1.103, resp_p=500/udp][message_id=0, proposal_num=0, transform_id=1, AF=T, attribute_type=11, attribute_val=\x00\x01]
ike_data_attribute T[orig_h=192.168.12.118, orig_p=500/udp, resp_h=172.16.1.103, resp_p=500/udp][message_id=0, proposal_num=0, transform_id=1, AF=T, attribute_type=12, attribute_val=p\x80]
ike_data_attribute T[orig_h=192.168.12.118, orig_p=500/udp, resp_h=172.16.1.103, resp_p=500/udp][message_id=0, proposal_num=0, transform_id=1, AF=T, attribute_type=2, attribute_val=\x00\x01]
ike_data_attribute T[orig_h=192.168.12.118, orig_p=500/udp, resp_h=172.16.1.103, resp_p=500/udp][message_id=0, proposal_num=0, transform_id=1, AF=T, attribute_type=3, attribute_val=\x00\x03]
ike_data_attribute T[orig_h=192.168.12.118, orig_p=500/udp, resp_h=172.16.1.103, resp_p=500/udp][message_id=0, proposal_num=0, transform_id=1, AF=T, attribute_type=4, attribute_val=\x00\x02]
ike_message F[orig_h=192.168.12.118, orig_p=500/udp, resp_h=172.16.1.103, resp_p=500/udp][initiator_spi=\xfa\xfa\xebI8*v<, responder_spi=6\xe6Z\xd2\xf6oD\x03, next_payload=1, maj_ver=1, min_ver=0, exchange_type=2, flag_e=F, flag_c=F, flag_a=F, flag_i=F, flag_v=F, flag_r=F, message_id=0, length=272]
ike_message F[orig_h=192.168.12.118, orig_p=500/udp, resp_h=172.16.1.103, resp_p=500/udp][initiator_spi=\xfa\xfa\xebI8*v<, responder_spi=6\xe6Z\xd2\xf6oD\x03, next_payload=4, maj_ver=1, min_ver=0, exchange_type=2, flag_e=F, flag_c=F, flag_a=F, flag_i=F, flag_v=F, flag_r=F, message_id=0, length=267]
ike_message F[orig_h=192.168.12.118, orig_p=500/udp, resp_h=172.16.1.103, resp_p=500/udp][initiator_spi=\xfa\xfa\xebI8*v<, responder_spi=6\xe6Z\xd2\xf6oD\x03, next_payload=5, maj_ver=1, min_ver=0, exchange_type=2, flag_e=T, flag_c=F, flag_a=F, flag_i=F, flag_v=F, flag_r=F, message_id=0, length=1932]
ike_message F[orig_h=192.168.12.118, orig_p=500/udp, resp_h=172.16.1.103, resp_p=500/udp][initiator_spi=\xfa\xfa\xebI8*v<, responder_spi=6\xe6Z\xd2\xf6oD\x03, next_payload=8, maj_ver=1, min_ver=0, exchange_type=32, flag_e=T, flag_c=F, flag_a=F, flag_i=F, flag_v=F, flag_r=F, message_id=4073710083, length=276]
ike_message T[orig_h=192.168.12.118, orig_p=500/udp, resp_h=172.16.1.103, resp_p=500/udp][initiator_spi=\xfa\xfa\xebI8*v<, responder_spi=6\xe6Z\xd2\xf6oD\x03, next_payload=4, maj_ver=1, min_ver=0, exchange_type=2, flag_e=F, flag_c=F, flag_a=F, flag_i=F, flag_v=F, flag_r=F, message_id=0, length=180]
ike_message T[orig_h=192.168.12.118, orig_p=500/udp, resp_h=172.16.1.103, resp_p=500/udp][initiator_spi=\xfa\xfa\xebI8*v<, responder_spi=6\xe6Z\xd2\xf6oD\x03, next_payload=5, maj_ver=1, min_ver=0, exchange_type=2, flag_e=T, flag_c=F, flag_a=F, flag_i=F, flag_v=F, flag_r=F, message_id=0, length=1764]
ike_message T[orig_h=192.168.12.118, orig_p=500/udp, resp_h=172.16.1.103, resp_p=500/udp][initiator_spi=\xfa\xfa\xebI8*v<, responder_spi=6\xe6Z\xd2\xf6oD\x03, next_payload=8, maj_ver=1, min_ver=0, exchange_type=32, flag_e=T, flag_c=F, flag_a=F, flag_i=F, flag_v=F, flag_r=F, message_id=4073710083, length=276]
ike_message T[orig_h=192.168.12.118, orig_p=500/udp, resp_h=172.16.1.103, resp_p=500/udp][initiator_spi=\xfa\xfa\xebI8*v<, responder_spi=6\xe6Z\xd2\xf6oD\x03, next_payload=8, maj_ver=1, min_ver=0, exchange_type=32, flag_e=T, flag_c=F, flag_a=F, flag_i=F, flag_v=F, flag_r=F, message_id=4073710083, length=276]
ike_message T[orig_h=192.168.12.118, orig_p=500/udp, resp_h=172.16.1.103, resp_p=500/udp][initiator_spi=\xfa\xfa\xebI8*v<, responder_spi=6\xe6Z\xd2\xf6oD\x03, next_payload=8, maj_ver=1, min_ver=0, exchange_type=32, flag_e=T, flag_c=F, flag_a=F, flag_i=F, flag_v=F, flag_r=F, message_id=4073710083, length=52]
ike_message T[orig_h=192.168.12.118, orig_p=500/udp, resp_h=172.16.1.103, resp_p=500/udp][initiator_spi=\xfa\xfa\xebI8*v<, responder_spi=\x00\x00\x00\x00\x00\x00\x00\x00, next_payload=1, maj_ver=1, min_ver=0, exchange_type=2, flag_e=F, flag_c=F, flag_a=F, flag_i=F, flag_v=F, flag_r=F, message_id=0, length=116]
ikev1_certreq_payload F[orig_h=192.168.12.118, orig_p=500/udp, resp_h=172.16.1.103, resp_p=500/udp][message_id=0, cert_encoding=4, cert_authority=0P1\x120\x10\x06\x0a\x09\x92&\x89\x93\xf2,d\x01\x19\x16\x02at1\x1d0\x1b\x06\x0a\x09\x92&\x89\x93\xf2,d\x01\x19\x16\x0dgeblergasse951\x1b0\x19\x06\x03U\x04\x03\x13\x12SchendlZertifikate]
ikev1_ke_payload F[orig_h=192.168.12.118, orig_p=500/udp, resp_h=172.16.1.103, resp_p=500/udp][message_id=0, key_exchange_data=\xb9\xa8\xe6\x96\xcb\xc6j\x1d\xdb\xf3\xc9\x00\x10\x9e\xa6\x8e\x88\xd5)\x15\x83\x12\x0e\xad\xa27|\x95\x96\x03\xf1i'\x03D$\x0e\x89\xb0\xdb\x01#d\xd1@c"L\xaa\x93Y\xf9]\x839\x9e\xb9\xd5<\x00\xe9\xa8\x10\x85\xe0#\x88\xab\xa1\xa1\x0bL\xa2]\x93\xb02\x03-\xb0\x95\xe2\x9fk7\xca\xf9\xda\x1eA7|\x82\xc8\xe0\xf6\xf2\xa0\x1f\x100\x03\xc2\xd9o\xc0i\xc0\xdbP8\xfeb\xf2\xce\xa6\\x0b\x00%\xa6dT\x81\xeb{\x8d\x91]
ikev1_ke_payload T[orig_h=192.168.12.118, orig_p=500/udp, resp_h=172.16.1.103, resp_p=500/udp][message_id=0, key_exchange_data=\x88<\xfaBH\xd5\x83\xd9F\xe0\xd1\xc2\xb9\xb6\xee\x97\xfc\x9cO%+A\xfcJ\xd1\xaa\xf2\x91\x1aH\xf6\xb7\xd38b\x17\x1a\x9f\xdd\x94\x87\xefFNT<a\x0e*A\xa3G\x82\x0c\xbb|\xf8\x0bFkbs\x19zlc\x0f~\x10\x0c\x06AI\x1f\xcb\x87}\xd56\xa7H\x07\xab%\x936t\xe2\x195K\xf4\x06'\xa5\xc9\xb3\xa0\x9c\x7f\xad\x06\xef~Sn\xc1\x82\x13\xaf\xdb@\\xa2^\xd6\x98\x9f\x09\x1ch``\x11\xe8I@T]
ikev1_n_payload F[orig_h=192.168.12.118, orig_p=500/udp, resp_h=172.16.1.103, resp_p=500/udp][message_id=0, nonce_data_len=16]
ikev1_n_payload T[orig_h=192.168.12.118, orig_p=500/udp, resp_h=172.16.1.103, resp_p=500/udp][message_id=0, nonce_data_len=16]
ikev1_p_payload F[orig_h=192.168.12.118, orig_p=500/udp, resp_h=172.16.1.103, resp_p=500/udp][message_id=0, proposal_num=0, protocol_id=1, spi_size=0, num_transforms=1, spi=]
ikev1_p_payload T[orig_h=192.168.12.118, orig_p=500/udp, resp_h=172.16.1.103, resp_p=500/udp][message_id=0, proposal_num=0, protocol_id=1, spi_size=0, num_transforms=1, spi=]
ikev1_sa_payload F[orig_h=192.168.12.118, orig_p=500/udp, resp_h=172.16.1.103, resp_p=500/udp][message_id=0, doi=1, situation=\x00\x00\x00\x01]
ikev1_sa_payload T[orig_h=192.168.12.118, orig_p=500/udp, resp_h=172.16.1.103, resp_p=500/udp][message_id=0, doi=1, situation=\x00\x00\x00\x01]
ikev1_t_payload F[orig_h=192.168.12.118, orig_p=500/udp, resp_h=172.16.1.103, resp_p=500/udp][message_id=0, proposal_num=0, transform_num=0, transform_id=1]
ikev1_t_payload T[orig_h=192.168.12.118, orig_p=500/udp, resp_h=172.16.1.103, resp_p=500/udp][message_id=0, proposal_num=0, transform_num=0, transform_id=1]
ikev1_vid_payload F[orig_h=192.168.12.118, orig_p=500/udp, resp_h=172.16.1.103, resp_p=500/udp][message_id=0, vendor_id='\xba\xb5\xdc\x01\xea\x07`\xeaN1\x90\xac'\xc0\xd0]
ikev1_vid_payload F[orig_h=192.168.12.118, orig_p=500/udp, resp_h=172.16.1.103, resp_p=500/udp][message_id=0, vendor_id=D\x85\x15-\x18\xb6\xbb\xcd\x0b\xe8\xa8F\x95y\xdd\xcc]
ikev1_vid_payload F[orig_h=192.168.12.118, orig_p=500/udp, resp_h=172.16.1.103, resp_p=500/udp][message_id=0, vendor_id=J\x13\x1c\x81\x07\x03XE\W(\xf2\x0e\x95E/]
ikev1_vid_payload F[orig_h=192.168.12.118, orig_p=500/udp, resp_h=172.16.1.103, resp_p=500/udp][message_id=0, vendor_id=\x90\xcb\x80\x91>\xbbin\x08c\x81\xb5\xecB{\x1f]
ikev1_vid_payload F[orig_h=192.168.12.118, orig_p=500/udp, resp_h=172.16.1.103, resp_p=500/udp][message_id=0, vendor_id=\xaf\xca\xd7\x13h\xa1\xf1\xc9k\x86\x96\xfcwW\x01\x00]
ikev1_vid_payload F[orig_h=192.168.12.118, orig_p=500/udp, resp_h=172.16.1.103, resp_p=500/udp][message_id=0, vendor_id=\xcd`FC5\xdf!\xf8|\xfd\xb2\xfch\xb6\xa4H]
ikev1_vid_payload F[orig_h=192.168.12.118, orig_p=500/udp, resp_h=172.16.1.103, resp_p=500/udp][message_id=0, vendor_id=a\x05\xc4"\xe7hG\xe4?\x96\x84\x80\x12\x92\xae\xcd]
ikev1_vid_payload F[orig_h=192.168.12.118, orig_p=500/udp, resp_h=172.16.1.103, resp_p=500/udp][message_id=0, vendor_id=i\x93i"\x87A\xc6\xd4\xca\x09L\x93\xe2B\xc9\xde\x19\xe7\xb7\xc6\x00\x00\x00\x05\x00\x00\x05\x00]
ikev1_vid_payload F[orig_h=192.168.12.118, orig_p=500/udp, resp_h=172.16.1.103, resp_p=500/udp][message_id=0, vendor_id=}\x94\x19\xa6S\x10\xcao,\x17\x9d\x92\x15R\x9dV]
ikev1_vid_payload T[orig_h=192.168.12.118, orig_p=500/udp, resp_h=172.16.1.103, resp_p=500/udp][message_id=0, vendor_id=OEhyLdACecfa]
ikev1_vid_payload T[orig_h=192.168.12.118, orig_p=500/udp, resp_h=172.16.1.103, resp_p=500/udp][message_id=0, vendor_id=\xaf\xca\xd7\x13h\xa1\xf1\xc9k\x86\x96\xfcwW\x01\x00]
