### BTest baseline data generated by btest-diff. Do not edit. Use "btest -U/-u" to update. Requires BTest >= 0.63.
### NOTE: This file has been sorted with diff-sort.
ike_data_attribute T[orig_h=192.168.0.10, orig_p=500/udp, resp_h=144.76.154.114, resp_p=500/udp][message_id=0, proposal_num=10, transform_id=12, AF=T, attribute_type=14, attribute_val=\x01\x00]
ike_data_attribute T[orig_h=192.168.0.10, orig_p=500/udp, resp_h=144.76.154.114, resp_p=500/udp][message_id=0, proposal_num=11, transform_id=12, AF=T, attribute_type=14, attribute_val=\x01\x00]
ike_data_attribute T[orig_h=192.168.0.10, orig_p=500/udp, resp_h=144.76.154.114, resp_p=500/udp][message_id=0, proposal_num=12, transform_id=12, AF=T, attribute_type=14, attribute_val=\x01\x00]
ike_data_attribute T[orig_h=192.168.0.10, orig_p=500/udp, resp_h=144.76.154.114, resp_p=500/udp][message_id=0, proposal_num=4, transform_id=12, AF=T, attribute_type=14, attribute_val=\x00\x80]
ike_data_attribute T[orig_h=192.168.0.10, orig_p=500/udp, resp_h=144.76.154.114, resp_p=500/udp][message_id=0, proposal_num=5, transform_id=12, AF=T, attribute_type=14, attribute_val=\x00\x80]
ike_data_attribute T[orig_h=192.168.0.10, orig_p=500/udp, resp_h=144.76.154.114, resp_p=500/udp][message_id=0, proposal_num=6, transform_id=12, AF=T, attribute_type=14, attribute_val=\x00\x80]
ike_data_attribute T[orig_h=192.168.0.10, orig_p=500/udp, resp_h=144.76.154.114, resp_p=500/udp][message_id=0, proposal_num=7, transform_id=12, AF=T, attribute_type=14, attribute_val=\x00\xc0]
ike_data_attribute T[orig_h=192.168.0.10, orig_p=500/udp, resp_h=144.76.154.114, resp_p=500/udp][message_id=0, proposal_num=8, transform_id=12, AF=T, attribute_type=14, attribute_val=\x00\xc0]
ike_data_attribute T[orig_h=192.168.0.10, orig_p=500/udp, resp_h=144.76.154.114, resp_p=500/udp][message_id=0, proposal_num=9, transform_id=12, AF=T, attribute_type=14, attribute_val=\x00\xc0]
ike_encrypted_payload T[orig_h=192.168.0.10, orig_p=4500/udp, resp_h=144.76.154.114, resp_p=4500/udp][message_id=1, payload_len=3436]
ike_encrypted_payload T[orig_h=192.168.0.10, orig_p=4500/udp, resp_h=144.76.154.114, resp_p=4500/udp][message_id=1, payload_len=3436]
ike_encrypted_payload T[orig_h=192.168.0.10, orig_p=4500/udp, resp_h=144.76.154.114, resp_p=4500/udp][message_id=1, payload_len=3436]
ike_ke_payload F[orig_h=192.168.0.10, orig_p=500/udp, resp_h=144.76.154.114, resp_p=500/udp][message_id=0, dh_group=2, key_exchange_data=\xe3'\xde\x1e\x98\x1e\x99\xdb\x15\x071@\xfc\x0e5u\xf1\xf0\xa8:]\x12\xdf\xc9l\xb8\x13\xae'sb\x11\xc2\xe8\x1e\xa0~,\xc6\xdb%:\xd9V\xa7+\xd2y\xd2\xc0\x09\xde\x03\x1e\xc9=_\xc4\xe7\x80\x12h,\x01h\xb9\xb9\xe3j\xf0G\xd0\x8f\x84\xef]>a\xd6,\x025O\x1b5-\x88\xe7id\x84\xe41\x90\xac\xd7\xf0\xae\xe9\xe9\xdf\xca\xd246\x01\x92]\xf2;d\x8e\x02\xa2\xc4]\xde\x0b\xc8\xcd.\x1b\xe9\x8dN\xf86\xc2]
ike_ke_payload T[orig_h=192.168.0.10, orig_p=500/udp, resp_h=144.76.154.114, resp_p=500/udp][message_id=0, dh_group=2, key_exchange_data=W/\xb9\x7fa\x0d\xe3\x86\xack\xf9z\xe6\x0ej\x1e\xb8\xf1s\x0b}\xcb4\x0b[~\xaciuY{\xcf\xcc]\x05y\x90\xf0\x9eI^\xce\xc3\xed\xb4\xe2\xd6U\xee\xf6\xb6\xcfO\x15j>\x85=\xf1IE\xf2\xbb\xaf\x85\xa4\xa9\x89\xac\x16hO\xc5\xd1\xac\x1b&'\xc1\xeb\xf18\#\xdf\xb9v\x98S\x18\xc14\xd9+z\xcc\xdfe\xb2\xc4\xa0\x1e\xb9\x9cl\x00eC4sv\x9b\x96$O\x099`\x103[N$\x8c\x15\xe8^H]
ike_message F[orig_h=192.168.0.10, orig_p=500/udp, resp_h=144.76.154.114, resp_p=500/udp][initiator_spi=#\x86q\xc8\x03u\xa0\xfb, responder_spi=s\xd1jB\xf6\x0e\xf7\xf0, next_payload=33, maj_ver=2, min_ver=0, exchange_type=34, flag_e=F, flag_c=F, flag_a=F, flag_i=F, flag_v=F, flag_r=T, message_id=0, length=308]
ike_message T[orig_h=192.168.0.10, orig_p=4500/udp, resp_h=144.76.154.114, resp_p=4500/udp][initiator_spi=#\x86q\xc8\x03u\xa0\xfb, responder_spi=s\xd1jB\xf6\x0e\xf7\xf0, next_payload=46, maj_ver=2, min_ver=0, exchange_type=35, flag_e=F, flag_c=F, flag_a=F, flag_i=T, flag_v=F, flag_r=F, message_id=1, length=3468]
ike_message T[orig_h=192.168.0.10, orig_p=4500/udp, resp_h=144.76.154.114, resp_p=4500/udp][initiator_spi=#\x86q\xc8\x03u\xa0\xfb, responder_spi=s\xd1jB\xf6\x0e\xf7\xf0, next_payload=46, maj_ver=2, min_ver=0, exchange_type=35, flag_e=F, flag_c=F, flag_a=F, flag_i=T, flag_v=F, flag_r=F, message_id=1, length=3468]
ike_message T[orig_h=192.168.0.10, orig_p=4500/udp, resp_h=144.76.154.114, resp_p=4500/udp][initiator_spi=#\x86q\xc8\x03u\xa0\xfb, responder_spi=s\xd1jB\xf6\x0e\xf7\xf0, next_payload=46, maj_ver=2, min_ver=0, exchange_type=35, flag_e=F, flag_c=F, flag_a=F, flag_i=T, flag_v=F, flag_r=F, message_id=1, length=3468]
ike_message T[orig_h=192.168.0.10, orig_p=500/udp, resp_h=144.76.154.114, resp_p=500/udp][initiator_spi=#\x86q\xc8\x03u\xa0\xfb, responder_spi=\x00\x00\x00\x00\x00\x00\x00\x00, next_payload=33, maj_ver=2, min_ver=0, exchange_type=34, flag_e=F, flag_c=F, flag_a=F, flag_i=T, flag_v=F, flag_r=F, message_id=0, length=880]
ike_nonce_payload F[orig_h=192.168.0.10, orig_p=500/udp, resp_h=144.76.154.114, resp_p=500/udp][message_id=0, nonce_data_len=32]
ike_nonce_payload T[orig_h=192.168.0.10, orig_p=500/udp, resp_h=144.76.154.114, resp_p=500/udp][message_id=0, nonce_data_len=48]
ike_notify_payload F[orig_h=192.168.0.10, orig_p=500/udp, resp_h=144.76.154.114, resp_p=500/udp][message_id=0, protocol_id=0, spi_size=0, notify_msg_type=16388, spi=, notification_data==@\xf7\xd9@\x9d\x85\xf1Af\x9e\xca\xb3\xf3@\xd0\x14yE\xa4]
ike_notify_payload F[orig_h=192.168.0.10, orig_p=500/udp, resp_h=144.76.154.114, resp_p=500/udp][message_id=0, protocol_id=0, spi_size=0, notify_msg_type=16389, spi=, notification_data=m4\xe29e\x0c\xcb\x8fMY\x84\xc4\xeb\xf6\x91\x16\xe2\xc8\x12\xdb]
ike_notify_payload F[orig_h=192.168.0.10, orig_p=500/udp, resp_h=144.76.154.114, resp_p=500/udp][message_id=0, protocol_id=0, spi_size=0, notify_msg_type=16404, spi=, notification_data=]
ike_notify_payload T[orig_h=192.168.0.10, orig_p=500/udp, resp_h=144.76.154.114, resp_p=500/udp][message_id=0, protocol_id=0, spi_size=0, notify_msg_type=16388, spi=, notification_data=\xed\x0fE\xd6\x15\xee\x1c\xc7\xf66\xdfN\xe0u\xfd\x9d\x18y\x1b\xb1]
ike_notify_payload T[orig_h=192.168.0.10, orig_p=500/udp, resp_h=144.76.154.114, resp_p=500/udp][message_id=0, protocol_id=0, spi_size=0, notify_msg_type=16389, spi=, notification_data=Rt\x9d\xfd\xd6\x97\x0d\xf3a\xf6\x9d\x01\x01W$\xd7\x08\xdcED]
ike_sa_proposal F[orig_h=192.168.0.10, orig_p=500/udp, resp_h=144.76.154.114, resp_p=500/udp][message_id=0, last_or_more=\x00, proposal_len=40, proposal_num=1, protocol_id=1, spi_size=0, num_transforms=4, spi=]
ike_sa_proposal T[orig_h=192.168.0.10, orig_p=500/udp, resp_h=144.76.154.114, resp_p=500/udp][message_id=0, last_or_more=\x00, proposal_len=44, proposal_num=12, protocol_id=1, spi_size=0, num_transforms=4, spi=]
ike_sa_proposal T[orig_h=192.168.0.10, orig_p=500/udp, resp_h=144.76.154.114, resp_p=500/udp][message_id=0, last_or_more=\x02, proposal_len=40, proposal_num=1, protocol_id=1, spi_size=0, num_transforms=4, spi=]
ike_sa_proposal T[orig_h=192.168.0.10, orig_p=500/udp, resp_h=144.76.154.114, resp_p=500/udp][message_id=0, last_or_more=\x02, proposal_len=40, proposal_num=2, protocol_id=1, spi_size=0, num_transforms=4, spi=]
ike_sa_proposal T[orig_h=192.168.0.10, orig_p=500/udp, resp_h=144.76.154.114, resp_p=500/udp][message_id=0, last_or_more=\x02, proposal_len=40, proposal_num=3, protocol_id=1, spi_size=0, num_transforms=4, spi=]
ike_sa_proposal T[orig_h=192.168.0.10, orig_p=500/udp, resp_h=144.76.154.114, resp_p=500/udp][message_id=0, last_or_more=\x02, proposal_len=44, proposal_num=10, protocol_id=1, spi_size=0, num_transforms=4, spi=]
ike_sa_proposal T[orig_h=192.168.0.10, orig_p=500/udp, resp_h=144.76.154.114, resp_p=500/udp][message_id=0, last_or_more=\x02, proposal_len=44, proposal_num=11, protocol_id=1, spi_size=0, num_transforms=4, spi=]
ike_sa_proposal T[orig_h=192.168.0.10, orig_p=500/udp, resp_h=144.76.154.114, resp_p=500/udp][message_id=0, last_or_more=\x02, proposal_len=44, proposal_num=4, protocol_id=1, spi_size=0, num_transforms=4, spi=]
ike_sa_proposal T[orig_h=192.168.0.10, orig_p=500/udp, resp_h=144.76.154.114, resp_p=500/udp][message_id=0, last_or_more=\x02, proposal_len=44, proposal_num=5, protocol_id=1, spi_size=0, num_transforms=4, spi=]
ike_sa_proposal T[orig_h=192.168.0.10, orig_p=500/udp, resp_h=144.76.154.114, resp_p=500/udp][message_id=0, last_or_more=\x02, proposal_len=44, proposal_num=6, protocol_id=1, spi_size=0, num_transforms=4, spi=]
ike_sa_proposal T[orig_h=192.168.0.10, orig_p=500/udp, resp_h=144.76.154.114, resp_p=500/udp][message_id=0, last_or_more=\x02, proposal_len=44, proposal_num=7, protocol_id=1, spi_size=0, num_transforms=4, spi=]
ike_sa_proposal T[orig_h=192.168.0.10, orig_p=500/udp, resp_h=144.76.154.114, resp_p=500/udp][message_id=0, last_or_more=\x02, proposal_len=44, proposal_num=8, protocol_id=1, spi_size=0, num_transforms=4, spi=]
ike_sa_proposal T[orig_h=192.168.0.10, orig_p=500/udp, resp_h=144.76.154.114, resp_p=500/udp][message_id=0, last_or_more=\x02, proposal_len=44, proposal_num=9, protocol_id=1, spi_size=0, num_transforms=4, spi=]
ike_sa_transform F[orig_h=192.168.0.10, orig_p=500/udp, resp_h=144.76.154.114, resp_p=500/udp][message_id=0, proposal_num=1, last_or_more=\x00, transform_len=8, transform_type=4, transform_id=2]
ike_sa_transform F[orig_h=192.168.0.10, orig_p=500/udp, resp_h=144.76.154.114, resp_p=500/udp][message_id=0, proposal_num=1, last_or_more=\x03, transform_len=8, transform_type=1, transform_id=3]
ike_sa_transform F[orig_h=192.168.0.10, orig_p=500/udp, resp_h=144.76.154.114, resp_p=500/udp][message_id=0, proposal_num=1, last_or_more=\x03, transform_len=8, transform_type=2, transform_id=2]
ike_sa_transform F[orig_h=192.168.0.10, orig_p=500/udp, resp_h=144.76.154.114, resp_p=500/udp][message_id=0, proposal_num=1, last_or_more=\x03, transform_len=8, transform_type=3, transform_id=2]
ike_sa_transform T[orig_h=192.168.0.10, orig_p=500/udp, resp_h=144.76.154.114, resp_p=500/udp][message_id=0, proposal_num=1, last_or_more=\x00, transform_len=8, transform_type=4, transform_id=2]
ike_sa_transform T[orig_h=192.168.0.10, orig_p=500/udp, resp_h=144.76.154.114, resp_p=500/udp][message_id=0, proposal_num=1, last_or_more=\x03, transform_len=8, transform_type=1, transform_id=3]
ike_sa_transform T[orig_h=192.168.0.10, orig_p=500/udp, resp_h=144.76.154.114, resp_p=500/udp][message_id=0, proposal_num=1, last_or_more=\x03, transform_len=8, transform_type=2, transform_id=2]
ike_sa_transform T[orig_h=192.168.0.10, orig_p=500/udp, resp_h=144.76.154.114, resp_p=500/udp][message_id=0, proposal_num=1, last_or_more=\x03, transform_len=8, transform_type=3, transform_id=2]
ike_sa_transform T[orig_h=192.168.0.10, orig_p=500/udp, resp_h=144.76.154.114, resp_p=500/udp][message_id=0, proposal_num=10, last_or_more=\x00, transform_len=8, transform_type=4, transform_id=2]
ike_sa_transform T[orig_h=192.168.0.10, orig_p=500/udp, resp_h=144.76.154.114, resp_p=500/udp][message_id=0, proposal_num=10, last_or_more=\x03, transform_len=12, transform_type=1, transform_id=12]
ike_sa_transform T[orig_h=192.168.0.10, orig_p=500/udp, resp_h=144.76.154.114, resp_p=500/udp][message_id=0, proposal_num=10, last_or_more=\x03, transform_len=8, transform_type=2, transform_id=2]
ike_sa_transform T[orig_h=192.168.0.10, orig_p=500/udp, resp_h=144.76.154.114, resp_p=500/udp][message_id=0, proposal_num=10, last_or_more=\x03, transform_len=8, transform_type=3, transform_id=2]
ike_sa_transform T[orig_h=192.168.0.10, orig_p=500/udp, resp_h=144.76.154.114, resp_p=500/udp][message_id=0, proposal_num=11, last_or_more=\x00, transform_len=8, transform_type=4, transform_id=2]
ike_sa_transform T[orig_h=192.168.0.10, orig_p=500/udp, resp_h=144.76.154.114, resp_p=500/udp][message_id=0, proposal_num=11, last_or_more=\x03, transform_len=12, transform_type=1, transform_id=12]
ike_sa_transform T[orig_h=192.168.0.10, orig_p=500/udp, resp_h=144.76.154.114, resp_p=500/udp][message_id=0, proposal_num=11, last_or_more=\x03, transform_len=8, transform_type=2, transform_id=5]
ike_sa_transform T[orig_h=192.168.0.10, orig_p=500/udp, resp_h=144.76.154.114, resp_p=500/udp][message_id=0, proposal_num=11, last_or_more=\x03, transform_len=8, transform_type=3, transform_id=12]
ike_sa_transform T[orig_h=192.168.0.10, orig_p=500/udp, resp_h=144.76.154.114, resp_p=500/udp][message_id=0, proposal_num=12, last_or_more=\x00, transform_len=8, transform_type=4, transform_id=2]
ike_sa_transform T[orig_h=192.168.0.10, orig_p=500/udp, resp_h=144.76.154.114, resp_p=500/udp][message_id=0, proposal_num=12, last_or_more=\x03, transform_len=12, transform_type=1, transform_id=12]
ike_sa_transform T[orig_h=192.168.0.10, orig_p=500/udp, resp_h=144.76.154.114, resp_p=500/udp][message_id=0, proposal_num=12, last_or_more=\x03, transform_len=8, transform_type=2, transform_id=6]
ike_sa_transform T[orig_h=192.168.0.10, orig_p=500/udp, resp_h=144.76.154.114, resp_p=500/udp][message_id=0, proposal_num=12, last_or_more=\x03, transform_len=8, transform_type=3, transform_id=13]
ike_sa_transform T[orig_h=192.168.0.10, orig_p=500/udp, resp_h=144.76.154.114, resp_p=500/udp][message_id=0, proposal_num=2, last_or_more=\x00, transform_len=8, transform_type=4, transform_id=2]
ike_sa_transform T[orig_h=192.168.0.10, orig_p=500/udp, resp_h=144.76.154.114, resp_p=500/udp][message_id=0, proposal_num=2, last_or_more=\x03, transform_len=8, transform_type=1, transform_id=3]
ike_sa_transform T[orig_h=192.168.0.10, orig_p=500/udp, resp_h=144.76.154.114, resp_p=500/udp][message_id=0, proposal_num=2, last_or_more=\x03, transform_len=8, transform_type=2, transform_id=5]
ike_sa_transform T[orig_h=192.168.0.10, orig_p=500/udp, resp_h=144.76.154.114, resp_p=500/udp][message_id=0, proposal_num=2, last_or_more=\x03, transform_len=8, transform_type=3, transform_id=12]
ike_sa_transform T[orig_h=192.168.0.10, orig_p=500/udp, resp_h=144.76.154.114, resp_p=500/udp][message_id=0, proposal_num=3, last_or_more=\x00, transform_len=8, transform_type=4, transform_id=2]
ike_sa_transform T[orig_h=192.168.0.10, orig_p=500/udp, resp_h=144.76.154.114, resp_p=500/udp][message_id=0, proposal_num=3, last_or_more=\x03, transform_len=8, transform_type=1, transform_id=3]
ike_sa_transform T[orig_h=192.168.0.10, orig_p=500/udp, resp_h=144.76.154.114, resp_p=500/udp][message_id=0, proposal_num=3, last_or_more=\x03, transform_len=8, transform_type=2, transform_id=6]
ike_sa_transform T[orig_h=192.168.0.10, orig_p=500/udp, resp_h=144.76.154.114, resp_p=500/udp][message_id=0, proposal_num=3, last_or_more=\x03, transform_len=8, transform_type=3, transform_id=13]
ike_sa_transform T[orig_h=192.168.0.10, orig_p=500/udp, resp_h=144.76.154.114, resp_p=500/udp][message_id=0, proposal_num=4, last_or_more=\x00, transform_len=8, transform_type=4, transform_id=2]
ike_sa_transform T[orig_h=192.168.0.10, orig_p=500/udp, resp_h=144.76.154.114, resp_p=500/udp][message_id=0, proposal_num=4, last_or_more=\x03, transform_len=12, transform_type=1, transform_id=12]
ike_sa_transform T[orig_h=192.168.0.10, orig_p=500/udp, resp_h=144.76.154.114, resp_p=500/udp][message_id=0, proposal_num=4, last_or_more=\x03, transform_len=8, transform_type=2, transform_id=2]
ike_sa_transform T[orig_h=192.168.0.10, orig_p=500/udp, resp_h=144.76.154.114, resp_p=500/udp][message_id=0, proposal_num=4, last_or_more=\x03, transform_len=8, transform_type=3, transform_id=2]
ike_sa_transform T[orig_h=192.168.0.10, orig_p=500/udp, resp_h=144.76.154.114, resp_p=500/udp][message_id=0, proposal_num=5, last_or_more=\x00, transform_len=8, transform_type=4, transform_id=2]
ike_sa_transform T[orig_h=192.168.0.10, orig_p=500/udp, resp_h=144.76.154.114, resp_p=500/udp][message_id=0, proposal_num=5, last_or_more=\x03, transform_len=12, transform_type=1, transform_id=12]
ike_sa_transform T[orig_h=192.168.0.10, orig_p=500/udp, resp_h=144.76.154.114, resp_p=500/udp][message_id=0, proposal_num=5, last_or_more=\x03, transform_len=8, transform_type=2, transform_id=5]
ike_sa_transform T[orig_h=192.168.0.10, orig_p=500/udp, resp_h=144.76.154.114, resp_p=500/udp][message_id=0, proposal_num=5, last_or_more=\x03, transform_len=8, transform_type=3, transform_id=12]
ike_sa_transform T[orig_h=192.168.0.10, orig_p=500/udp, resp_h=144.76.154.114, resp_p=500/udp][message_id=0, proposal_num=6, last_or_more=\x00, transform_len=8, transform_type=4, transform_id=2]
ike_sa_transform T[orig_h=192.168.0.10, orig_p=500/udp, resp_h=144.76.154.114, resp_p=500/udp][message_id=0, proposal_num=6, last_or_more=\x03, transform_len=12, transform_type=1, transform_id=12]
ike_sa_transform T[orig_h=192.168.0.10, orig_p=500/udp, resp_h=144.76.154.114, resp_p=500/udp][message_id=0, proposal_num=6, last_or_more=\x03, transform_len=8, transform_type=2, transform_id=6]
ike_sa_transform T[orig_h=192.168.0.10, orig_p=500/udp, resp_h=144.76.154.114, resp_p=500/udp][message_id=0, proposal_num=6, last_or_more=\x03, transform_len=8, transform_type=3, transform_id=13]
ike_sa_transform T[orig_h=192.168.0.10, orig_p=500/udp, resp_h=144.76.154.114, resp_p=500/udp][message_id=0, proposal_num=7, last_or_more=\x00, transform_len=8, transform_type=4, transform_id=2]
ike_sa_transform T[orig_h=192.168.0.10, orig_p=500/udp, resp_h=144.76.154.114, resp_p=500/udp][message_id=0, proposal_num=7, last_or_more=\x03, transform_len=12, transform_type=1, transform_id=12]
ike_sa_transform T[orig_h=192.168.0.10, orig_p=500/udp, resp_h=144.76.154.114, resp_p=500/udp][message_id=0, proposal_num=7, last_or_more=\x03, transform_len=8, transform_type=2, transform_id=2]
ike_sa_transform T[orig_h=192.168.0.10, orig_p=500/udp, resp_h=144.76.154.114, resp_p=500/udp][message_id=0, proposal_num=7, last_or_more=\x03, transform_len=8, transform_type=3, transform_id=2]
ike_sa_transform T[orig_h=192.168.0.10, orig_p=500/udp, resp_h=144.76.154.114, resp_p=500/udp][message_id=0, proposal_num=8, last_or_more=\x00, transform_len=8, transform_type=4, transform_id=2]
ike_sa_transform T[orig_h=192.168.0.10, orig_p=500/udp, resp_h=144.76.154.114, resp_p=500/udp][message_id=0, proposal_num=8, last_or_more=\x03, transform_len=12, transform_type=1, transform_id=12]
ike_sa_transform T[orig_h=192.168.0.10, orig_p=500/udp, resp_h=144.76.154.114, resp_p=500/udp][message_id=0, proposal_num=8, last_or_more=\x03, transform_len=8, transform_type=2, transform_id=5]
ike_sa_transform T[orig_h=192.168.0.10, orig_p=500/udp, resp_h=144.76.154.114, resp_p=500/udp][message_id=0, proposal_num=8, last_or_more=\x03, transform_len=8, transform_type=3, transform_id=12]
ike_sa_transform T[orig_h=192.168.0.10, orig_p=500/udp, resp_h=144.76.154.114, resp_p=500/udp][message_id=0, proposal_num=9, last_or_more=\x00, transform_len=8, transform_type=4, transform_id=2]
ike_sa_transform T[orig_h=192.168.0.10, orig_p=500/udp, resp_h=144.76.154.114, resp_p=500/udp][message_id=0, proposal_num=9, last_or_more=\x03, transform_len=12, transform_type=1, transform_id=12]
ike_sa_transform T[orig_h=192.168.0.10, orig_p=500/udp, resp_h=144.76.154.114, resp_p=500/udp][message_id=0, proposal_num=9, last_or_more=\x03, transform_len=8, transform_type=2, transform_id=6]
ike_sa_transform T[orig_h=192.168.0.10, orig_p=500/udp, resp_h=144.76.154.114, resp_p=500/udp][message_id=0, proposal_num=9, last_or_more=\x03, transform_len=8, transform_type=3, transform_id=13]
ike_vendorid_payload T[orig_h=192.168.0.10, orig_p=500/udp, resp_h=144.76.154.114, resp_p=500/udp][message_id=0, vendor_id=&$M8\xed\xdba\xb3\x17*6\xe3\xd0\xcf\xb8\x19]
ike_vendorid_payload T[orig_h=192.168.0.10, orig_p=500/udp, resp_h=144.76.154.114, resp_p=500/udp][message_id=0, vendor_id=\x01R\x8b\xbb\xc0\x06\x96\x12\x18I\xab\x9a\x1c[*Q\x00\x00\x00\x02]
ike_vendorid_payload T[orig_h=192.168.0.10, orig_p=500/udp, resp_h=144.76.154.114, resp_p=500/udp][message_id=0, vendor_id=\x1e+Qi\x05\x99\x1c}|\x96\xfc\xbf\xb5\x87\xe4a\x00\x00\x00\x09]
ike_vendorid_payload T[orig_h=192.168.0.10, orig_p=500/udp, resp_h=144.76.154.114, resp_p=500/udp][message_id=0, vendor_id=\xfb\x1d\xe3\xcd\xf3A\xb7\xea\x16\xb7\xe5\xbe\x08U\xf1 ]
