### BTest baseline data generated by btest-diff. Do not edit. Use "btest -U/-u" to update. Requires BTest >= 0.63.
### NOTE: This file has been sorted with diff-sort.
ike_data_attribute F[orig_h=192.168.12.1, orig_p=500/udp, resp_h=192.168.12.2, resp_p=500/udp][message_id=0, proposal_num=1, transform_id=1, AF=F, attribute_type=12, attribute_val=\x00\x01Q\x80]
ike_data_attribute F[orig_h=192.168.12.1, orig_p=500/udp, resp_h=192.168.12.2, resp_p=500/udp][message_id=0, proposal_num=1, transform_id=1, AF=T, attribute_type=1, attribute_val=\x00\x07]
ike_data_attribute F[orig_h=192.168.12.1, orig_p=500/udp, resp_h=192.168.12.2, resp_p=500/udp][message_id=0, proposal_num=1, transform_id=1, AF=T, attribute_type=11, attribute_val=\x00\x01]
ike_data_attribute F[orig_h=192.168.12.1, orig_p=500/udp, resp_h=192.168.12.2, resp_p=500/udp][message_id=0, proposal_num=1, transform_id=1, AF=T, attribute_type=14, attribute_val=\x00\x80]
ike_data_attribute F[orig_h=192.168.12.1, orig_p=500/udp, resp_h=192.168.12.2, resp_p=500/udp][message_id=0, proposal_num=1, transform_id=1, AF=T, attribute_type=2, attribute_val=\x00\x02]
ike_data_attribute F[orig_h=192.168.12.1, orig_p=500/udp, resp_h=192.168.12.2, resp_p=500/udp][message_id=0, proposal_num=1, transform_id=1, AF=T, attribute_type=3, attribute_val=\x00\x01]
ike_data_attribute F[orig_h=192.168.12.1, orig_p=500/udp, resp_h=192.168.12.2, resp_p=500/udp][message_id=0, proposal_num=1, transform_id=1, AF=T, attribute_type=4, attribute_val=\x00\x02]
ike_data_attribute T[orig_h=192.168.12.1, orig_p=500/udp, resp_h=192.168.12.2, resp_p=500/udp][message_id=0, proposal_num=1, transform_id=1, AF=F, attribute_type=12, attribute_val=\x00\x01Q\x80]
ike_data_attribute T[orig_h=192.168.12.1, orig_p=500/udp, resp_h=192.168.12.2, resp_p=500/udp][message_id=0, proposal_num=1, transform_id=1, AF=T, attribute_type=1, attribute_val=\x00\x07]
ike_data_attribute T[orig_h=192.168.12.1, orig_p=500/udp, resp_h=192.168.12.2, resp_p=500/udp][message_id=0, proposal_num=1, transform_id=1, AF=T, attribute_type=11, attribute_val=\x00\x01]
ike_data_attribute T[orig_h=192.168.12.1, orig_p=500/udp, resp_h=192.168.12.2, resp_p=500/udp][message_id=0, proposal_num=1, transform_id=1, AF=T, attribute_type=14, attribute_val=\x00\x80]
ike_data_attribute T[orig_h=192.168.12.1, orig_p=500/udp, resp_h=192.168.12.2, resp_p=500/udp][message_id=0, proposal_num=1, transform_id=1, AF=T, attribute_type=2, attribute_val=\x00\x02]
ike_data_attribute T[orig_h=192.168.12.1, orig_p=500/udp, resp_h=192.168.12.2, resp_p=500/udp][message_id=0, proposal_num=1, transform_id=1, AF=T, attribute_type=3, attribute_val=\x00\x01]
ike_data_attribute T[orig_h=192.168.12.1, orig_p=500/udp, resp_h=192.168.12.2, resp_p=500/udp][message_id=0, proposal_num=1, transform_id=1, AF=T, attribute_type=4, attribute_val=\x00\x02]
ike_message F[orig_h=192.168.12.1, orig_p=500/udp, resp_h=192.168.12.2, resp_p=500/udp][initiator_spi=\xe4zY\x1f\xd0WX\x7f, responder_spi=\xa0\x0b\x8e\xf0\x90+\xb8\xec, next_payload=1, maj_ver=1, min_ver=0, exchange_type=2, flag_e=F, flag_c=F, flag_a=F, flag_i=F, flag_v=F, flag_r=F, message_id=0, length=108]
ike_message F[orig_h=192.168.12.1, orig_p=500/udp, resp_h=192.168.12.2, resp_p=500/udp][initiator_spi=\xe4zY\x1f\xd0WX\x7f, responder_spi=\xa0\x0b\x8e\xf0\x90+\xb8\xec, next_payload=4, maj_ver=1, min_ver=0, exchange_type=2, flag_e=F, flag_c=F, flag_a=F, flag_i=F, flag_v=F, flag_r=F, message_id=0, length=304]
ike_message F[orig_h=192.168.12.1, orig_p=500/udp, resp_h=192.168.12.2, resp_p=500/udp][initiator_spi=\xe4zY\x1f\xd0WX\x7f, responder_spi=\xa0\x0b\x8e\xf0\x90+\xb8\xec, next_payload=5, maj_ver=1, min_ver=0, exchange_type=2, flag_e=T, flag_c=F, flag_a=F, flag_i=F, flag_v=F, flag_r=F, message_id=0, length=76]
ike_message F[orig_h=192.168.12.1, orig_p=500/udp, resp_h=192.168.12.2, resp_p=500/udp][initiator_spi=\xe4zY\x1f\xd0WX\x7f, responder_spi=\xa0\x0b\x8e\xf0\x90+\xb8\xec, next_payload=8, maj_ver=1, min_ver=0, exchange_type=32, flag_e=T, flag_c=F, flag_a=F, flag_i=F, flag_v=F, flag_r=F, message_id=1666854506, length=220]
ike_message T[orig_h=192.168.12.1, orig_p=500/udp, resp_h=192.168.12.2, resp_p=500/udp][initiator_spi=\xe4zY\x1f\xd0WX\x7f, responder_spi=\x00\x00\x00\x00\x00\x00\x00\x00, next_payload=1, maj_ver=1, min_ver=0, exchange_type=2, flag_e=F, flag_c=F, flag_a=F, flag_i=F, flag_v=F, flag_r=F, message_id=0, length=168]
ike_message T[orig_h=192.168.12.1, orig_p=500/udp, resp_h=192.168.12.2, resp_p=500/udp][initiator_spi=\xe4zY\x1f\xd0WX\x7f, responder_spi=\xa0\x0b\x8e\xf0\x90+\xb8\xec, next_payload=4, maj_ver=1, min_ver=0, exchange_type=2, flag_e=F, flag_c=F, flag_a=F, flag_i=F, flag_v=F, flag_r=F, message_id=0, length=284]
ike_message T[orig_h=192.168.12.1, orig_p=500/udp, resp_h=192.168.12.2, resp_p=500/udp][initiator_spi=\xe4zY\x1f\xd0WX\x7f, responder_spi=\xa0\x0b\x8e\xf0\x90+\xb8\xec, next_payload=5, maj_ver=1, min_ver=0, exchange_type=2, flag_e=T, flag_c=F, flag_a=F, flag_i=F, flag_v=F, flag_r=F, message_id=0, length=108]
ike_message T[orig_h=192.168.12.1, orig_p=500/udp, resp_h=192.168.12.2, resp_p=500/udp][initiator_spi=\xe4zY\x1f\xd0WX\x7f, responder_spi=\xa0\x0b\x8e\xf0\x90+\xb8\xec, next_payload=8, maj_ver=1, min_ver=0, exchange_type=32, flag_e=T, flag_c=F, flag_a=F, flag_i=F, flag_v=F, flag_r=F, message_id=1666854506, length=220]
ike_message T[orig_h=192.168.12.1, orig_p=500/udp, resp_h=192.168.12.2, resp_p=500/udp][initiator_spi=\xe4zY\x1f\xd0WX\x7f, responder_spi=\xa0\x0b\x8e\xf0\x90+\xb8\xec, next_payload=8, maj_ver=1, min_ver=0, exchange_type=32, flag_e=T, flag_c=F, flag_a=F, flag_i=F, flag_v=F, flag_r=F, message_id=1666854506, length=60]
ikev1_ke_payload F[orig_h=192.168.12.1, orig_p=500/udp, resp_h=192.168.12.2, resp_p=500/udp][message_id=0, key_exchange_data=m\x02mV\x16\xc4[\xe0^[\x89\x84\x11\xe9\xf9]\x19\\xea\x00\x9a\xd2,b\xbe\xf0lW\x1b|\xfb\xc4y/EVN\xc7\x10\xacXJ\xa1\x8d \xcb\xc8\xf5\xf8\x91\x06f\xb8\x9eN\xe2\xf9Z\xbc\x020\xe2\xcb\xa1\xb8\x8a\xc4\xbb\xa7\xfc\xc8\x18\xa9\x86\xc0\x1aL\xa8e\xa5\xeb\x82\x88M\xbe\xc8[\xfd}\x1a0;\x09\x89M\xcf.7\x85\xfdy\xdb\xa2%7|\xf8\xcc\xa0\x09\xce\xff\xbbj\xa3\x8bd\x8cK\x05@O\x1c\xfa\xac6\x1a\xff]
ikev1_ke_payload T[orig_h=192.168.12.1, orig_p=500/udp, resp_h=192.168.12.2, resp_p=500/udp][message_id=0, key_exchange_data=5\x04\xd3\xd2\xed\x14\xe0\xca\x03\xb8Q\xa5\x1a\x9d\xa2\xe5\xa4\xc1L\x1d~\xc3\xe1\xfb\xe9P\x02T$QK<i\xed\x7f\xbbD\xe0\x92%\xdaR\xd2\xa9&\x04\xa9\x9b\xf6\x1b{\xee\xd7\xfb\xfac^\x82\xf0e\xf4\xfex\x07Q5M\xbeGL=\xe7 }\xcfi\xfd\xbb\xed2\xc1i\x1c\xc1I\xb3\x18\xee\xe0\x03p\xe6_\xc3\x06\x9b\xba\xcf\xb0\x13Fqs\x96n\x9d_K\xc4\xf3\x85~5\x9b\xba:\xdb\xb6\xef\xee\xa5\x16\xf3\x89}\x854\xf3]
ikev1_n_payload F[orig_h=192.168.12.1, orig_p=500/udp, resp_h=192.168.12.2, resp_p=500/udp][message_id=0, nonce_data_len=20]
ikev1_n_payload T[orig_h=192.168.12.1, orig_p=500/udp, resp_h=192.168.12.2, resp_p=500/udp][message_id=0, nonce_data_len=20]
ikev1_p_payload F[orig_h=192.168.12.1, orig_p=500/udp, resp_h=192.168.12.2, resp_p=500/udp][message_id=0, proposal_num=1, protocol_id=1, spi_size=0, num_transforms=1, spi=]
ikev1_p_payload T[orig_h=192.168.12.1, orig_p=500/udp, resp_h=192.168.12.2, resp_p=500/udp][message_id=0, proposal_num=1, protocol_id=1, spi_size=0, num_transforms=1, spi=]
ikev1_sa_payload F[orig_h=192.168.12.1, orig_p=500/udp, resp_h=192.168.12.2, resp_p=500/udp][message_id=0, doi=1, situation=\x00\x00\x00\x01]
ikev1_sa_payload T[orig_h=192.168.12.1, orig_p=500/udp, resp_h=192.168.12.2, resp_p=500/udp][message_id=0, doi=1, situation=\x00\x00\x00\x01]
ikev1_t_payload F[orig_h=192.168.12.1, orig_p=500/udp, resp_h=192.168.12.2, resp_p=500/udp][message_id=0, proposal_num=1, transform_num=1, transform_id=1]
ikev1_t_payload T[orig_h=192.168.12.1, orig_p=500/udp, resp_h=192.168.12.2, resp_p=500/udp][message_id=0, proposal_num=1, transform_num=1, transform_id=1]
ikev1_vid_payload F[orig_h=192.168.12.1, orig_p=500/udp, resp_h=192.168.12.2, resp_p=500/udp][message_id=0, vendor_id=J\x13\x1c\x81\x07\x03XE\W(\xf2\x0e\x95E/]
ikev1_vid_payload F[orig_h=192.168.12.1, orig_p=500/udp, resp_h=192.168.12.2, resp_p=500/udp][message_id=0, vendor_id=U\xcc)\xed\x90*\xb8\xecS\xb1\xdf\x86|a\x09)]
ikev1_vid_payload F[orig_h=192.168.12.1, orig_p=500/udp, resp_h=192.168.12.2, resp_p=500/udp][message_id=0, vendor_id=\x09\x00&\x89\xdf\xd6\xb7\x12]
ikev1_vid_payload F[orig_h=192.168.12.1, orig_p=500/udp, resp_h=192.168.12.2, resp_p=500/udp][message_id=0, vendor_id=\x12\xf5\xf2\x8cEqh\xa9p-\x9f\xe2t\xcc\x01\x00]
ikev1_vid_payload F[orig_h=192.168.12.1, orig_p=500/udp, resp_h=192.168.12.2, resp_p=500/udp][message_id=0, vendor_id=\xaf\xca\xd7\x13h\xa1\xf1\xc9k\x86\x96\xfcwW\x01\x00]
ikev1_vid_payload T[orig_h=192.168.12.1, orig_p=500/udp, resp_h=192.168.12.2, resp_p=500/udp][message_id=0, vendor_id=C\x9bY\xf8\xbaglLw7\xae"\xea\xb8\xf5\x82]
ikev1_vid_payload T[orig_h=192.168.12.1, orig_p=500/udp, resp_h=192.168.12.2, resp_p=500/udp][message_id=0, vendor_id=J\x13\x1c\x81\x07\x03XE\W(\xf2\x0e\x95E/]
ikev1_vid_payload T[orig_h=192.168.12.1, orig_p=500/udp, resp_h=192.168.12.2, resp_p=500/udp][message_id=0, vendor_id=\x09\x00&\x89\xdf\xd6\xb7\x12]
ikev1_vid_payload T[orig_h=192.168.12.1, orig_p=500/udp, resp_h=192.168.12.2, resp_p=500/udp][message_id=0, vendor_id=\x11\xbd\xfe\x02\xd0VX\x7f,\x18\x12Yr\xc3$\x01]
ikev1_vid_payload T[orig_h=192.168.12.1, orig_p=500/udp, resp_h=192.168.12.2, resp_p=500/udp][message_id=0, vendor_id=\x90\xcb\x80\x91>\xbbin\x08c\x81\xb5\xecB{\x1f]
ikev1_vid_payload T[orig_h=192.168.12.1, orig_p=500/udp, resp_h=192.168.12.2, resp_p=500/udp][message_id=0, vendor_id=\xaf\xca\xd7\x13h\xa1\xf1\xc9k\x86\x96\xfcwW\x01\x00]
ikev1_vid_payload T[orig_h=192.168.12.1, orig_p=500/udp, resp_h=192.168.12.2, resp_p=500/udp][message_id=0, vendor_id=}\x94\x19\xa6S\x10\xcao,\x17\x9d\x92\x15R\x9dV]
